CAB /home/.z/chat-uploads/arvalest_sp-f3d22c995e65.cab -> /tmp/pockethle-cab-E0zJEK/ArvaleST.exe
Loaded /tmp/pockethle-cab-E0zJEK/ArvaleST.exe (ARM (legacy) machine), 6 sections, 159 imports
Auto-mounted extracted dir /tmp/pockethle-cab-E0zJEK at guest prefix "\\Application\\"
Auto-mounted extracted dir /tmp/pockethle-cab-E0zJEK at guest prefix "\\Program Files\\"
Auto-mounted extracted dir /tmp/pockethle-cab-E0zJEK at guest prefix "\\Program Files\\Game\\"
Auto-mounted extracted dir /tmp/pockethle-cab-E0zJEK at guest prefix "\\expresso\\"
Auto-mounted extracted dir /tmp/pockethle-cab-E0zJEK at guest prefix "\\Program Files\\Games\\Arvale 'Short Tales'\\"
Auto-mounted extracted dir /tmp/pockethle-cab-E0zJEK at guest prefix "\\Windows\\Start Menu\\Programs\\"
Auto-mounted extracted dir /tmp/pockethle-cab-E0zJEK at guest prefix "\\Windows\\Start Menu\\Programs\\Games\\"
GetModuleFileNameW will report "\\Program Files\\Games\\Arvale 'Short Tales'\\ArvaleST.exe"
Relative guest paths resolve against "\\Program Files\\Games\\Arvale 'Short Tales'\\"
Registered API stubs: 2586
[2026-08-09T14:05:43Z DEBUG pocket_winceapi::coredll] GetProcAddressW(0x10000001, "?GXOpenDisplay@@YAHPAUHWND__@@K@Z") -> 0x700232e0
[2026-08-09T14:05:43Z INFO  pocket_winceapi::gx] GXOpenDisplay() -> 1 (FB at 0x78000000, 240×320×16bpp, pc=0x700232e0, lr=0x00024178)
[2026-08-09T14:05:43Z INFO  pocket_winceapi::gx] GXOpenDisplay() -> 1 (FB at 0x78000000, 240×320×16bpp, pc=0x700232e0, lr=0x000254cc)
[2026-08-09T14:05:43Z INFO  pocket_winceapi::gx] GXOpenDisplay() -> 1 (FB at 0x78000000, 240×320×16bpp, pc=0x700232e0, lr=0x000245ac)
Final framebuffer snapshot written to /tmp/pockethle-final.ppm (230415 bytes, frame_counter=18)
Emulator exited cleanly.

Corrective verification (2026-08-09):
ExtEscape escape=0x00020001 out_count=24 ... fb_mapped=true
Final framebuffer snapshot ... frame_counter=18
Emulator exited cleanly.
