PE file /home/.z/workspaces/con_6C2YGFK8hHUBm1GG/bounce/00Bounce.001
Loaded /home/.z/workspaces/con_6C2YGFK8hHUBm1GG/bounce/00Bounce.001 (ARM (legacy) machine), 5 sections, 136 imports
Registered API stubs: 2842
Dumping framebuffer snapshots to /home/.z/workspaces/con_6C2YGFK8hHUBm1GG/bounce/fixed4-frames
ALSA lib confmisc.c:855:(parse_card) cannot find card '0'
ALSA lib conf.c:5180:(_snd_config_evaluate) function snd_func_card_inum returned error: No such file or directory
ALSA lib confmisc.c:422:(snd_func_concat) error evaluating strings
ALSA lib conf.c:5180:(_snd_config_evaluate) function snd_func_concat returned error: No such file or directory
ALSA lib confmisc.c:1334:(snd_func_refer) error evaluating name
ALSA lib conf.c:5180:(_snd_config_evaluate) function snd_func_refer returned error: No such file or directory
ALSA lib conf.c:5703:(snd_config_expand) Evaluate error: No such file or directory
ALSA lib pcm.c:2666:(snd_pcm_open_noupdate) Unknown PCM default
[2026-08-28T00:15:28Z WARN  pocket_kernel::audio] AudioEngine: default_output_config() failed on "default" — running silently: The requested device is no longer available. For example, it has been unplugged.
[2026-08-28T00:15:28Z WARN  pocket_winceapi] unimplemented call -> gd201b.dll!?CreateFont@CGapiBitmapFont@@QAAJPBGKKPAU_GDFONTFX@@@Z
[2026-08-28T00:15:28Z WARN  pocket_winceapi] unimplemented call -> gd201b.dll!?CreateFont@CGapiBitmapFont@@QAAJPBGKKPAU_GDFONTFX@@@Z
[2026-08-28T00:15:28Z WARN  pocket_winceapi] unimplemented call -> gd201b.dll!?CreateFont@CGapiBitmapFont@@QAAJPBGKKPAU_GDFONTFX@@@Z
Final framebuffer snapshot written to /tmp/pockethle-final.ppm (230415 bytes, frame_counter=8)
Emulator exited cleanly.
AI tap command:
target/release/pockethle run /home/.z/workspaces/con_6C2YGFK8hHUBm1GG/bounce/00Bounce.001 --cpu unicorn --max-slices 120000 --instructions-per-slice 1000000 --message-budget 240 --dump-frames-to /home/.z/workspaces/con_6C2YGFK8hHUBm1GG/bounce/fixed4-frames --max-frames 8
