ZIP /home/.z/chat-uploads/Alien-Hominid_Gizmondo_EN_Beta-a611bf2b4bac.zip -> /tmp/pockethle-zip-VeUcj6/Alien Hominid.exe
Loaded /tmp/pockethle-zip-VeUcj6/Alien Hominid.exe (ARM Thumb machine), 5 sections, 75 imports
Auto-mounted extracted dir /tmp/pockethle-zip-VeUcj6 at guest prefix "\\Application\\"
Auto-mounted extracted dir /tmp/pockethle-zip-VeUcj6 at guest prefix "\\Program Files\\Game\\"
Auto-mounted extracted dir /tmp/pockethle-zip-VeUcj6 at guest prefix "\\SD Card\\"
GetModuleFileNameW will report "\\SD Card\\Alien Hominid.exe"
Relative guest paths resolve against "\\SD Card\\"
Queued synthetic tap at (120,160)
Queued synthetic tap at (120,220)
Registered API stubs: 2579
Dumping framebuffer snapshots to /home/.z/workspaces/con_VITEi5LhQGxqlIia/gizmo/final-frames
[2026-08-08T11:36:10Z WARN  pocket_winceapi] unimplemented call -> COREDLL.dll!abs
[2026-08-08T11:36:10Z WARN  pocket_winceapi] unimplemented call -> COREDLL.dll!abs
[2026-08-08T11:36:10Z WARN  pocket_winceapi] unimplemented call -> COREDLL.dll!abs
[2026-08-08T11:36:10Z WARN  pocket_winceapi] unimplemented call -> COREDLL.dll!abs
[2026-08-08T11:36:10Z WARN  pocket_winceapi] unimplemented call -> COREDLL.dll!abs
[2026-08-08T11:36:10Z WARN  pocket_winceapi] unimplemented call -> COREDLL.dll!abs
[2026-08-08T11:36:10Z WARN  pocket_winceapi] unimplemented call -> COREDLL.dll!abs
[2026-08-08T11:36:10Z WARN  pocket_winceapi] unimplemented call -> COREDLL.dll!abs
[2026-08-08T11:36:10Z WARN  pocket_winceapi] unimplemented call -> COREDLL.dll!abs
[2026-08-08T11:36:10Z WARN  pocket_winceapi] unimplemented call -> COREDLL.dll!abs
[2026-08-08T11:36:10Z WARN  pocket_winceapi] unimplemented call -> COREDLL.dll!abs
[2026-08-08T11:36:10Z WARN  pocket_winceapi] unimplemented call -> COREDLL.dll!abs
[2026-08-08T11:36:10Z WARN  pocket_winceapi] unimplemented call -> COREDLL.dll!abs
[2026-08-08T11:36:10Z WARN  pocket_winceapi] unimplemented call -> COREDLL.dll!abs
[2026-08-08T11:36:10Z WARN  pocket_winceapi] unimplemented call -> COREDLL.dll!abs
[2026-08-08T11:36:10Z WARN  pocket_winceapi] unimplemented call -> COREDLL.dll!abs
[2026-08-08T11:36:10Z WARN  pocket_winceapi] unimplemented call -> COREDLL.dll!abs
[2026-08-08T11:36:10Z WARN  pocket_winceapi] unimplemented call -> COREDLL.dll!abs
[2026-08-08T11:36:10Z WARN  pocket_winceapi] unimplemented call -> COREDLL.dll!abs
[2026-08-08T11:36:10Z WARN  pocket_winceapi] unimplemented call -> COREDLL.dll!abs
[2026-08-08T11:36:10Z WARN  pocket_winceapi] unimplemented call -> COREDLL.dll!abs
[2026-08-08T11:36:10Z WARN  pocket_winceapi] unimplemented call -> COREDLL.dll!abs
[2026-08-08T11:36:10Z WARN  pocket_winceapi] unimplemented call -> COREDLL.dll!abs
[2026-08-08T11:36:10Z WARN  pocket_winceapi] unimplemented call -> COREDLL.dll!abs
[2026-08-08T11:36:10Z WARN  pocket_winceapi] unimplemented call -> COREDLL.dll!abs
[2026-08-08T11:36:10Z WARN  pocket_winceapi] unimplemented call -> COREDLL.dll!abs
[2026-08-08T11:36:10Z WARN  pocket_winceapi] unimplemented call -> COREDLL.dll!abs
[2026-08-08T11:36:10Z WARN  pocket_winceapi] unimplemented call -> COREDLL.dll!abs
[2026-08-08T11:36:10Z WARN  pocket_winceapi] unimplemented call -> COREDLL.dll!abs
[2026-08-08T11:36:10Z WARN  pocket_winceapi] unimplemented call -> COREDLL.dll!abs
[2026-08-08T11:36:10Z WARN  pocket_winceapi] unimplemented call -> COREDLL.dll!abs
[2026-08-08T11:36:10Z WARN  pocket_winceapi] unimplemented call -> COREDLL.dll!abs
[2026-08-08T11:36:10Z WARN  pocket_winceapi] unimplemented call -> COREDLL.dll!abs
[2026-08-08T11:36:10Z WARN  pocket_winceapi] unimplemented call -> COREDLL.dll!abs
[2026-08-08T11:36:10Z WARN  pocket_winceapi] unimplemented call -> COREDLL.dll!abs
[2026-08-08T11:36:10Z WARN  pocket_winceapi] unimplemented call -> COREDLL.dll!abs
[2026-08-08T11:36:10Z WARN  pocket_winceapi] unimplemented call -> COREDLL.dll!abs
[2026-08-08T11:36:10Z WARN  pocket_winceapi] unimplemented call -> COREDLL.dll!abs
[2026-08-08T11:36:10Z WARN  pocket_winceapi] unimplemented call -> COREDLL.dll!abs
[2026-08-08T11:36:10Z WARN  pocket_winceapi] unimplemented call -> COREDLL.dll!abs
[2026-08-08T11:36:10Z WARN  pocket_winceapi] unimplemented call -> COREDLL.dll!abs
[2026-08-08T11:36:10Z WARN  pocket_winceapi] unimplemented call -> COREDLL.dll!abs
[2026-08-08T11:36:10Z WARN  pocket_winceapi] unimplemented call -> COREDLL.dll!abs
[2026-08-08T11:36:10Z WARN  pocket_winceapi] unimplemented call -> COREDLL.dll!abs
[2026-08-08T11:36:10Z WARN  pocket_winceapi] unimplemented call -> COREDLL.dll!abs
Final framebuffer snapshot written to /tmp/pockethle-final.ppm (230415 bytes, frame_counter=8)
Emulator exited cleanly.
AI tap command:
target/release/pockethle run /home/.z/chat-uploads/Alien-Hominid_Gizmondo_EN_Beta-a611bf2b4bac.zip --cpu unicorn --max-slices 200000 --instructions-per-slice 1000000 --message-budget 1200 --tap 120,160 --tap 120,220 --dump-frames-to /home/.z/workspaces/con_VITEi5LhQGxqlIia/gizmo/final-frames --max-frames 8
